// Jest Snapshot v1, https://goo.gl/fbAQLP

exports[`is PageTitle render 1`] = `
<DocumentFragment>
  <h1
    class="sc-beyTiQ hRVvUr"
  >
    Hello
  </h1>
</DocumentFragment>
`;
